GAMS 49.6.1  55d34574 May 28, 2025          WEX-WEI x86 64bit/MS Windows - 08/16/25 19:00:47 Page 1
G e n e r a l   A l g e b r a i c   M o d e l i n g   S y s t e m
C o m p i l a t i o n


      Toy GAMS model for CI/integration tests.
      Maximize net benefit subject to a capacity constraint.
      Supports patching via `patch.gdx` and optional equation includes.
   6   
  10   
  11  Sets
  12      i   "catchments" / A, B /;
  13   
  14  Alias (i,ip);
  15   
  16  Scalar
  17      CapacityLimit "capacity limit" / 10 /;
  18   
  19  Set
  20      ActiveCatchments(i) / A, B /;
  21   
  22  Parameters
  23      CostByCatchment(i)  "unit cost by catchment" / A 10, B 20 /
  24      Benefit(i)          "unit benefit by catchment" / A 15, B 18 /;
  25   
  26  Variables
  27      z   "objective (profit)"
  28      x(i) "activity level in catchment i";
  29   
  30  Positive Variable x;
  31   
  32  Equations
  33      obj "objective function"
  34      cap "capacity constraint";
  35   
  36  obj.. z =e= sum(i, Benefit(i)*x(i)) - sum(i, CostByCatchment(i)*x(i));
  37   
  38  cap.. sum(i$ActiveCatchments(i), x(i)) =l= CapacityLimit;
  39   
INCLUDE    C:\Users\prd705\GAMS_GPT5\toy_model\equation_patches\new_constraint.inc
  41  * Example patch: limit activity in A to ≤ 3
  42  Equation limitA "limit for A";
  43  limitA.. x('A') =l= 3;
  44   
  45  Model toy /all/;
  46  Solve toy using lp maximizing z;
  47   
  48  * Export to GDX
  49  execute_unload 'results.gdx', i, ActiveCatchments, CostByCatchment, Benefit, x, z, obj.m, cap.m, CapacityLimit;
GAMS 49.6.1  55d34574 May 28, 2025          WEX-WEI x86 64bit/MS Windows - 08/16/25 19:00:47 Page 2
G e n e r a l   A l g e b r a i c   M o d e l i n g   S y s t e m
Include File Summary


   SEQ   GLOBAL TYPE      PARENT   LOCAL  FILENAME

     1        1 INPUT          0       0  C:\Users\prd705\GAMS_GPT5\toy_model\main.gms
     2        7 IF EXIST       1       7  C:\Users\prd705\GAMS_GPT5\toy_model\patch.gdx
     3        8 IF EXIST       1       8  C:\Users\prd705\GAMS_GPT5\toy_model\patch.gdx
     4        9 IF EXIST       1       9  C:\Users\prd705\GAMS_GPT5\toy_model\patch.gdx
     5       40 IF EXIST       1      40  C:\Users\prd705\GAMS_GPT5\toy_model\equation_patches\new_constraint.inc
     6       40 INCLUDE        1      40  .C:\Users\prd705\GAMS_GPT5\toy_model\equation_patches\new_constraint.inc


COMPILATION TIME     =        0.016 SECONDS      3 MB  49.6.1 55d34574 WEX-WEI
GAMS 49.6.1  55d34574 May 28, 2025          WEX-WEI x86 64bit/MS Windows - 08/16/25 19:00:47 Page 3
G e n e r a l   A l g e b r a i c   M o d e l i n g   S y s t e m
Equation Listing    SOLVE toy Using LP From line 46


---- obj  =E=  objective function

obj..  z - 5*x(A) + 2*x(B) =E= 0 ; (LHS = 0)
     

---- cap  =L=  capacity constraint

cap..  x(A) + x(B) =L= 10 ; (LHS = 0)
     

---- limitA  =L=  limit for A

limitA..  x(A) =L= 3 ; (LHS = 0)
     
GAMS 49.6.1  55d34574 May 28, 2025          WEX-WEI x86 64bit/MS Windows - 08/16/25 19:00:47 Page 4
G e n e r a l   A l g e b r a i c   M o d e l i n g   S y s t e m
Column Listing      SOLVE toy Using LP From line 46


---- z  objective (profit)

z
                (.LO, .L, .UP, .M = -INF, 0, +INF, 0)
        1       obj


---- x  activity level in catchment i

x(A)
                (.LO, .L, .UP, .M = 0, 0, +INF, 0)
       -5       obj
        1       cap
        1       limitA

x(B)
                (.LO, .L, .UP, .M = 0, 0, +INF, 0)
        2       obj
        1       cap

GAMS 49.6.1  55d34574 May 28, 2025          WEX-WEI x86 64bit/MS Windows - 08/16/25 19:00:47 Page 5
G e n e r a l   A l g e b r a i c   M o d e l i n g   S y s t e m
Range Statistics    SOLVE toy Using LP From line 46


RANGE STATISTICS (ABSOLUTE NON-ZERO FINITE VALUES)

RHS       [min, max] : [ 3.000E+00, 1.000E+01] - Zero values observed as well
Bound     [min, max] : [        NA,        NA] - Zero values observed as well
Matrix    [min, max] : [ 1.000E+00, 5.000E+00]

GAMS 49.6.1  55d34574 May 28, 2025          WEX-WEI x86 64bit/MS Windows - 08/16/25 19:00:47 Page 6
G e n e r a l   A l g e b r a i c   M o d e l i n g   S y s t e m
Model Statistics    SOLVE toy Using LP From line 46


MODEL STATISTICS

BLOCKS OF EQUATIONS           3     SINGLE EQUATIONS            3
BLOCKS OF VARIABLES           2     SINGLE VARIABLES            3
NON ZERO ELEMENTS             6


GENERATION TIME      =        0.000 SECONDS      4 MB  49.6.1 55d34574 WEX-WEI
GAMS 49.6.1  55d34574 May 28, 2025          WEX-WEI x86 64bit/MS Windows - 08/16/25 19:00:47 Page 7
G e n e r a l   A l g e b r a i c   M o d e l i n g   S y s t e m
Solution Report     SOLVE toy Using LP From line 46


               S O L V E      S U M M A R Y

     MODEL   toy                 OBJECTIVE  z
     TYPE    LP                  DIRECTION  MAXIMIZE
     SOLVER  CPLEX               FROM LINE  46

**** SOLVER STATUS     1 Normal Completion
**** MODEL STATUS      1 Optimal
**** OBJECTIVE VALUE               15.0000

 RESOURCE USAGE, LIMIT          0.000 10000000000.000
 ITERATION COUNT, LIMIT         0    2147483647
--- GAMS/CPLEX licensed for continuous and discrete problems.
--- GMO setup time: 0.00s
--- GMO memory 0.50 Mb (peak 0.50 Mb)
--- Dictionary memory 0.00 Mb
--- Cplex 22.1.2.0 link memory 0.00 Mb (peak 0.00 Mb)
--- Starting Cplex


--- LP status (1): optimal.
--- Cplex Time: 0.00sec (det. 0.00 ticks)


Optimal solution found
Objective:           15.000000


                           LOWER          LEVEL          UPPER         MARGINAL

---- EQU obj                 .              .              .             1.0000      
---- EQU cap               -INF            3.0000        10.0000          .          
---- EQU limitA            -INF            3.0000         3.0000         5.0000      

  obj  objective function
  cap  capacity constraint
  limitA  limit for A

                           LOWER          LEVEL          UPPER         MARGINAL

---- VAR z                 -INF           15.0000        +INF             .          

  z  objective (profit)

---- VAR x  activity level in catchment i

         LOWER          LEVEL          UPPER         MARGINAL

A          .             3.0000        +INF             .          
B          .              .            +INF           -2.0000      


**** REPORT SUMMARY :        0     NONOPT
                             0 INFEASIBLE
                             0  UNBOUNDED
GAMS 49.6.1  55d34574 May 28, 2025          WEX-WEI x86 64bit/MS Windows - 08/16/25 19:00:47 Page 8
G e n e r a l   A l g e b r a i c   M o d e l i n g   S y s t e m
E x e c u t i o n


EXECUTION TIME       =        0.172 SECONDS      4 MB  49.6.1 55d34574 WEX-WEI


USER: Medium MUD - 10 User License                   S241216|0002AP-WIN
      University of Copenhagen, Institute of Food and Resource EcDC2546
      License for teaching and research at degree granting institutions


**** FILE SUMMARY

Input      C:\Users\prd705\GAMS_GPT5\toy_model\main.gms
Output     C:\Users\prd705\GAMS_GPT5\toy_model\main.lst
